Archive member included to satisfy reference by file (symbol)

/home/peter/eclipse/plugins/fr.ac6.mcu.externaltools.arm-none.linux64_1.13.1.201705091103/tools/compiler/bin/../lib/gcc/arm-none-eabi/5.4.1/armv6-m/libgcc.a(_udivsi3.o)
                              Drivers/STM32L0xx_HAL_Driver/Src/stm32l0xx_hal.o (__aeabi_uidiv)
/home/peter/eclipse/plugins/fr.ac6.mcu.externaltools.arm-none.linux64_1.13.1.201705091103/tools/compiler/bin/../lib/gcc/arm-none-eabi/5.4.1/armv6-m/libgcc.a(_dvmd_tls.o)
                              /home/peter/eclipse/plugins/fr.ac6.mcu.externaltools.arm-none.linux64_1.13.1.201705091103/tools/compiler/bin/../lib/gcc/arm-none-eabi/5.4.1/armv6-m/libgcc.a(_udivsi3.o) (__aeabi_idiv0)
/home/peter/eclipse/plugins/fr.ac6.mcu.externaltools.arm-none.linux64_1.13.1.201705091103/tools/compiler/bin/../lib/gcc/arm-none-eabi/5.4.1/armv6-m/libgcc.a(_aeabi_uldivmod.o)
                              Drivers/STM32L0xx_HAL_Driver/Src/stm32l0xx_hal_uart.o (__aeabi_uldivmod)
/home/peter/eclipse/plugins/fr.ac6.mcu.externaltools.arm-none.linux64_1.13.1.201705091103/tools/compiler/bin/../lib/gcc/arm-none-eabi/5.4.1/armv6-m/libgcc.a(_udivmoddi4.o)
                              /home/peter/eclipse/plugins/fr.ac6.mcu.externaltools.arm-none.linux64_1.13.1.201705091103/tools/compiler/bin/../lib/gcc/arm-none-eabi/5.4.1/armv6-m/libgcc.a(_aeabi_uldivmod.o) (__udivmoddi4)
/home/peter/eclipse/plugins/fr.ac6.mcu.externaltools.arm-none.linux64_1.13.1.201705091103/tools/compiler/bin/../lib/gcc/arm-none-eabi/5.4.1/armv6-m/libgcc.a(_clzdi2.o)
                              /home/peter/eclipse/plugins/fr.ac6.mcu.externaltools.arm-none.linux64_1.13.1.201705091103/tools/compiler/bin/../lib/gcc/arm-none-eabi/5.4.1/armv6-m/libgcc.a(_udivmoddi4.o) (__clzdi2)
/home/peter/eclipse/plugins/fr.ac6.mcu.externaltools.arm-none.linux64_1.13.1.201705091103/tools/compiler/bin/../lib/gcc/arm-none-eabi/5.4.1/armv6-m/libgcc.a(_clzsi2.o)
                              /home/peter/eclipse/plugins/fr.ac6.mcu.externaltools.arm-none.linux64_1.13.1.201705091103/tools/compiler/bin/../lib/gcc/arm-none-eabi/5.4.1/armv6-m/libgcc.a(_clzdi2.o) (__clzsi2)
/home/peter/eclipse/plugins/fr.ac6.mcu.externaltools.arm-none.linux64_1.13.1.201705091103/tools/compiler/bin/../lib/gcc/arm-none-eabi/5.4.1/../../../../arm-none-eabi/lib/armv6-m/libc_nano.a(lib_a-exit.o)
                              /home/peter/eclipse/plugins/fr.ac6.mcu.externaltools.arm-none.linux64_1.13.1.201705091103/tools/compiler/bin/../lib/gcc/arm-none-eabi/5.4.1/../../../../arm-none-eabi/lib/armv6-m/crt0.o (exit)
/home/peter/eclipse/plugins/fr.ac6.mcu.externaltools.arm-none.linux64_1.13.1.201705091103/tools/compiler/bin/../lib/gcc/arm-none-eabi/5.4.1/../../../../arm-none-eabi/lib/armv6-m/libc_nano.a(lib_a-impure.o)
                              /home/peter/eclipse/plugins/fr.ac6.mcu.externaltools.arm-none.linux64_1.13.1.201705091103/tools/compiler/bin/../lib/gcc/arm-none-eabi/5.4.1/../../../../arm-none-eabi/lib/armv6-m/libc_nano.a(lib_a-exit.o) (_global_impure_ptr)
/home/peter/eclipse/plugins/fr.ac6.mcu.externaltools.arm-none.linux64_1.13.1.201705091103/tools/compiler/bin/../lib/gcc/arm-none-eabi/5.4.1/../../../../arm-none-eabi/lib/armv6-m/libc_nano.a(lib_a-init.o)
                              /home/peter/eclipse/plugins/fr.ac6.mcu.externaltools.arm-none.linux64_1.13.1.201705091103/tools/compiler/bin/../lib/gcc/arm-none-eabi/5.4.1/../../../../arm-none-eabi/lib/armv6-m/crt0.o (__libc_init_array)
/home/peter/eclipse/plugins/fr.ac6.mcu.externaltools.arm-none.linux64_1.13.1.201705091103/tools/compiler/bin/../lib/gcc/arm-none-eabi/5.4.1/../../../../arm-none-eabi/lib/armv6-m/libc_nano.a(lib_a-memset.o)
                              /home/peter/eclipse/plugins/fr.ac6.mcu.externaltools.arm-none.linux64_1.13.1.201705091103/tools/compiler/bin/../lib/gcc/arm-none-eabi/5.4.1/../../../../arm-none-eabi/lib/armv6-m/crt0.o (memset)
/home/peter/eclipse/plugins/fr.ac6.mcu.externaltools.arm-none.linux64_1.13.1.201705091103/tools/compiler/bin/../lib/gcc/arm-none-eabi/5.4.1/../../../../arm-none-eabi/lib/armv6-m/libnosys.a(_exit.o)
                              /home/peter/eclipse/plugins/fr.ac6.mcu.externaltools.arm-none.linux64_1.13.1.201705091103/tools/compiler/bin/../lib/gcc/arm-none-eabi/5.4.1/../../../../arm-none-eabi/lib/armv6-m/libc_nano.a(lib_a-exit.o) (_exit)

Allocating common symbols
Common symbol       size              file

uwTick              0x4               Drivers/STM32L0xx_HAL_Driver/Src/stm32l0xx_hal.o
pFlash              0x18              Drivers/STM32L0xx_HAL_Driver/Src/stm32l0xx_hal_flash.o
huart1              0x70              Src/usart.o
hlcd                0x3c              Src/lcd.o

Discarded input sections

 .text          0x00000000        0x0 /home/peter/eclipse/plugins/fr.ac6.mcu.externaltools.arm-none.linux64_1.13.1.201705091103/tools/compiler/bin/../lib/gcc/arm-none-eabi/5.4.1/armv6-m/crti.o
[...]
Memory Configuration

Name             Origin             Length             Attributes
RAM              0x20000000         0x00002000         xrw
FLASH            0x08000000         0x00010000         xr
*default*        0x00000000         0xffffffff

Linker script and memory map

LOAD /home/peter/eclipse/plugins/fr.ac6.mcu.externaltools.arm-none.linux64_1.13.1.201705091103/tools/compiler/bin/../lib/gcc/arm-none-eabi/5.4.1/armv6-m/crti.o
LOAD /home/peter/eclipse/plugins/fr.ac6.mcu.externaltools.arm-none.linux64_1.13.1.201705091103/tools/compiler/bin/../lib/gcc/arm-none-eabi/5.4.1/armv6-m/crtbegin.o
LOAD /home/peter/eclipse/plugins/fr.ac6.mcu.externaltools.arm-none.linux64_1.13.1.201705091103/tools/compiler/bin/../lib/gcc/arm-none-eabi/5.4.1/../../../../arm-none-eabi/lib/armv6-m/crt0.o
LOAD Drivers/STM32L0xx_HAL_Driver/Src/stm32l0xx_hal.o
LOAD Drivers/STM32L0xx_HAL_Driver/Src/stm32l0xx_hal_cortex.o
LOAD Drivers/STM32L0xx_HAL_Driver/Src/stm32l0xx_hal_dma.o
LOAD Drivers/STM32L0xx_HAL_Driver/Src/stm32l0xx_hal_flash.o
LOAD Drivers/STM32L0xx_HAL_Driver/Src/stm32l0xx_hal_flash_ex.o
LOAD Drivers/STM32L0xx_HAL_Driver/Src/stm32l0xx_hal_flash_ramfunc.o
LOAD Drivers/STM32L0xx_HAL_Driver/Src/stm32l0xx_hal_gpio.o
LOAD Drivers/STM32L0xx_HAL_Driver/Src/stm32l0xx_hal_i2c.o
LOAD Drivers/STM32L0xx_HAL_Driver/Src/stm32l0xx_hal_i2c_ex.o
LOAD Drivers/STM32L0xx_HAL_Driver/Src/stm32l0xx_hal_lcd.o
LOAD Drivers/STM32L0xx_HAL_Driver/Src/stm32l0xx_hal_pwr.o
LOAD Drivers/STM32L0xx_HAL_Driver/Src/stm32l0xx_hal_pwr_ex.o
LOAD Drivers/STM32L0xx_HAL_Driver/Src/stm32l0xx_hal_rcc.o
LOAD Drivers/STM32L0xx_HAL_Driver/Src/stm32l0xx_hal_rcc_ex.o
LOAD Drivers/STM32L0xx_HAL_Driver/Src/stm32l0xx_hal_tim.o
LOAD Drivers/STM32L0xx_HAL_Driver/Src/stm32l0xx_hal_tim_ex.o
LOAD Drivers/STM32L0xx_HAL_Driver/Src/stm32l0xx_hal_uart.o
LOAD Drivers/STM32L0xx_HAL_Driver/Src/stm32l0xx_hal_uart_ex.o
LOAD Src/gpio.o
LOAD Src/lcd.o
LOAD Src/main.o
LOAD Src/screen.o
LOAD Src/stm32l0xx_hal_msp.o
LOAD Src/stm32l0xx_it.o
LOAD Src/system_stm32l0xx.o
LOAD Src/usart.o
LOAD startup/startup_stm32l053xx.o
LOAD /home/peter/eclipse/plugins/fr.ac6.mcu.externaltools.arm-none.linux64_1.13.1.201705091103/tools/compiler/bin/../lib/gcc/arm-none-eabi/5.4.1/../../../../arm-none-eabi/lib/armv6-m/libm.a
START GROUP
LOAD /home/peter/eclipse/plugins/fr.ac6.mcu.externaltools.arm-none.linux64_1.13.1.201705091103/tools/compiler/bin/../lib/gcc/arm-none-eabi/5.4.1/armv6-m/libgcc.a
LOAD /home/peter/eclipse/plugins/fr.ac6.mcu.externaltools.arm-none.linux64_1.13.1.201705091103/tools/compiler/bin/../lib/gcc/arm-none-eabi/5.4.1/../../../../arm-none-eabi/lib/armv6-m/libc_nano.a
END GROUP
START GROUP
LOAD /home/peter/eclipse/plugins/fr.ac6.mcu.externaltools.arm-none.linux64_1.13.1.201705091103/tools/compiler/bin/../lib/gcc/arm-none-eabi/5.4.1/armv6-m/libgcc.a
LOAD /home/peter/eclipse/plugins/fr.ac6.mcu.externaltools.arm-none.linux64_1.13.1.201705091103/tools/compiler/bin/../lib/gcc/arm-none-eabi/5.4.1/../../../../arm-none-eabi/lib/armv6-m/libc_nano.a
LOAD /home/peter/eclipse/plugins/fr.ac6.mcu.externaltools.arm-none.linux64_1.13.1.201705091103/tools/compiler/bin/../lib/gcc/arm-none-eabi/5.4.1/../../../../arm-none-eabi/lib/armv6-m/libnosys.a
END GROUP
START GROUP
LOAD /home/peter/eclipse/plugins/fr.ac6.mcu.externaltools.arm-none.linux64_1.13.1.201705091103/tools/compiler/bin/../lib/gcc/arm-none-eabi/5.4.1/armv6-m/libgcc.a
LOAD /home/peter/eclipse/plugins/fr.ac6.mcu.externaltools.arm-none.linux64_1.13.1.201705091103/tools/compiler/bin/../lib/gcc/arm-none-eabi/5.4.1/../../../../arm-none-eabi/lib/armv6-m/libc_nano.a
LOAD /home/peter/eclipse/plugins/fr.ac6.mcu.externaltools.arm-none.linux64_1.13.1.201705091103/tools/compiler/bin/../lib/gcc/arm-none-eabi/5.4.1/../../../../arm-none-eabi/lib/armv6-m/libnosys.a
END GROUP
LOAD /home/peter/eclipse/plugins/fr.ac6.mcu.externaltools.arm-none.linux64_1.13.1.201705091103/tools/compiler/bin/../lib/gcc/arm-none-eabi/5.4.1/armv6-m/crtend.o
LOAD /home/peter/eclipse/plugins/fr.ac6.mcu.externaltools.arm-none.linux64_1.13.1.201705091103/tools/compiler/bin/../lib/gcc/arm-none-eabi/5.4.1/armv6-m/crtn.o
                0x20002000                _estack = 0x20002000
                0x00000200                _Min_Heap_Size = 0x200
                0x00000400                _Min_Stack_Size = 0x400

.isr_vector     0x08000000       0xc0
                0x08000000                . = ALIGN (0x4)
 *(.isr_vector)
 .isr_vector    0x08000000       0xc0 startup/startup_stm32l053xx.o
                0x08000000                g_pfnVectors
                0x080000c0                . = ALIGN (0x4)

.text           0x080000c0     0x1f98
                0x080000c0                . = ALIGN (0x4)
 *(.text)
 .text          0x080000c0       0x60 /home/peter/eclipse/plugins/fr.ac6.mcu.externaltools.arm-none.linux64_1.13.1.201705091103/tools/compiler/bin/../lib/gcc/arm-none-eabi/5.4.1/armv6-m/crtbegin.o
 .text          0x08000120      0x114 /home/peter/eclipse/plugins/fr.ac6.mcu.externaltools.arm-none.linux64_1.13.1.201705091103/tools/compiler/bin/../lib/gcc/arm-none-eabi/5.4.1/armv6-m/libgcc.a(_udivsi3.o)
                0x08000120                __udivsi3
                0x08000120                __aeabi_uidiv
                0x0800022c                __aeabi_uidivmod
 .text          0x08000234        0x4 /home/peter/eclipse/plugins/fr.ac6.mcu.externaltools.arm-none.linux64_1.13.1.201705091103/tools/compiler/bin/../lib/gcc/arm-none-eabi/5.4.1/armv6-m/libgcc.a(_dvmd_tls.o)
                0x08000234                __aeabi_ldiv0
                0x08000234                __aeabi_idiv0
 .text          0x08000238       0x40 /home/peter/eclipse/plugins/fr.ac6.mcu.externaltools.arm-none.linux64_1.13.1.201705091103/tools/compiler/bin/../lib/gcc/arm-none-eabi/5.4.1/armv6-m/libgcc.a(_aeabi_uldivmod.o)
                0x08000238                __aeabi_uldivmod
 .text          0x08000278      0x180 /home/peter/eclipse/plugins/fr.ac6.mcu.externaltools.arm-none.linux64_1.13.1.201705091103/tools/compiler/bin/../lib/gcc/arm-none-eabi/5.4.1/armv6-m/libgcc.a(_udivmoddi4.o)
                0x08000278                __udivmoddi4
 .text          0x080003f8       0x18 /home/peter/eclipse/plugins/fr.ac6.mcu.externaltools.arm-none.linux64_1.13.1.201705091103/tools/compiler/bin/../lib/gcc/arm-none-eabi/5.4.1/armv6-m/libgcc.a(_clzdi2.o)
                0x080003f8                __clzdi2
 .text          0x08000410       0x3c /home/peter/eclipse/plugins/fr.ac6.mcu.externaltools.arm-none.linux64_1.13.1.201705091103/tools/compiler/bin/../lib/gcc/arm-none-eabi/5.4.1/armv6-m/libgcc.a(_clzsi2.o)
                0x08000410                __clzsi2
 *(.text*)
 .text.HAL_InitTick
                0x0800044c       0x28 Drivers/STM32L0xx_HAL_Driver/Src/stm32l0xx_hal.o
                0x0800044c                HAL_InitTick
 .text.HAL_Init
                0x08000474       0x20 Drivers/STM32L0xx_HAL_Driver/Src/stm32l0xx_hal.o
                0x08000474                HAL_Init
 .text.HAL_IncTick
                0x08000494       0x10 Drivers/STM32L0xx_HAL_Driver/Src/stm32l0xx_hal.o
                0x08000494                HAL_IncTick
 .text.HAL_GetTick
                0x080004a4        0xc Drivers/STM32L0xx_HAL_Driver/Src/stm32l0xx_hal.o
                0x080004a4                HAL_GetTick
 .text.HAL_Delay
                0x080004b0       0x1c Drivers/STM32L0xx_HAL_Driver/Src/stm32l0xx_hal.o
                0x080004b0                HAL_Delay
 .text.HAL_NVIC_SetPriority
                0x080004cc       0x64 Drivers/STM32L0xx_HAL_Driver/Src/stm32l0xx_hal_cortex.o
                0x080004cc                HAL_NVIC_SetPriority
 .text.HAL_SYSTICK_Config
                0x08000530       0x38 Drivers/STM32L0xx_HAL_Driver/Src/stm32l0xx_hal_cortex.o
                0x08000530                HAL_SYSTICK_Config
 .text.HAL_SYSTICK_CLKSourceConfig
                0x08000568       0x20 Drivers/STM32L0xx_HAL_Driver/Src/stm32l0xx_hal_cortex.o
                0x08000568                HAL_SYSTICK_CLKSourceConfig
 .text.HAL_SYSTICK_Callback
                0x08000588        0x4 Drivers/STM32L0xx_HAL_Driver/Src/stm32l0xx_hal_cortex.o
                0x08000588                HAL_SYSTICK_Callback
 .text.HAL_SYSTICK_IRQHandler
                0x0800058c        0x8 Drivers/STM32L0xx_HAL_Driver/Src/stm32l0xx_hal_cortex.o
                0x0800058c                HAL_SYSTICK_IRQHandler
 .text.HAL_GPIO_Init
                0x08000594      0x194 Drivers/STM32L0xx_HAL_Driver/Src/stm32l0xx_hal_gpio.o
                0x08000594                HAL_GPIO_Init
 .text.HAL_LCD_UpdateDisplayRequest
                0x08000728       0x50 Drivers/STM32L0xx_HAL_Driver/Src/stm32l0xx_hal_lcd.o
                0x08000728                HAL_LCD_UpdateDisplayRequest
 .text.LCD_WaitForSynchro
                0x08000778       0x30 Drivers/STM32L0xx_HAL_Driver/Src/stm32l0xx_hal_lcd.o
                0x08000778                LCD_WaitForSynchro
 .text.HAL_LCD_Init
                0x080007a8      0x108 Drivers/STM32L0xx_HAL_Driver/Src/stm32l0xx_hal_lcd.o
                0x080007a8                HAL_LCD_Init
 .text.RCC_SetFlashLatencyFromMSIRange
                0x080008b0       0x88 Drivers/STM32L0xx_HAL_Driver/Src/stm32l0xx_hal_rcc.o
 .text.HAL_RCC_OscConfig
                0x08000938      0x5b8 Drivers/STM32L0xx_HAL_Driver/Src/stm32l0xx_hal_rcc.o
                0x08000938                HAL_RCC_OscConfig
 .text.HAL_RCC_GetSysClockFreq
                0x08000ef0       0x94 Drivers/STM32L0xx_HAL_Driver/Src/stm32l0xx_hal_rcc.o
                0x08000ef0                HAL_RCC_GetSysClockFreq
 .text.HAL_RCC_ClockConfig
                0x08000f84      0x1b4 Drivers/STM32L0xx_HAL_Driver/Src/stm32l0xx_hal_rcc.o
                0x08000f84                HAL_RCC_ClockConfig
 .text.HAL_RCC_GetHCLKFreq
                0x08001138        0xc Drivers/STM32L0xx_HAL_Driver/Src/stm32l0xx_hal_rcc.o
                0x08001138                HAL_RCC_GetHCLKFreq
 .text.HAL_RCC_GetPCLK1Freq
                0x08001144       0x20 Drivers/STM32L0xx_HAL_Driver/Src/stm32l0xx_hal_rcc.o
                0x08001144                HAL_RCC_GetPCLK1Freq
 .text.HAL_RCC_GetPCLK2Freq
                0x08001164       0x20 Drivers/STM32L0xx_HAL_Driver/Src/stm32l0xx_hal_rcc.o
                0x08001164                HAL_RCC_GetPCLK2Freq
 .text.HAL_RCCEx_PeriphCLKConfig
                0x08001184      0x1ec Drivers/STM32L0xx_HAL_Driver/Src/stm32l0xx_hal_rcc_ex.o
                0x08001184                HAL_RCCEx_PeriphCLKConfig
 .text.HAL_RCCEx_GetPeriphCLKFreq
                0x08001370      0x278 Drivers/STM32L0xx_HAL_Driver/Src/stm32l0xx_hal_rcc_ex.o
                0x08001370                HAL_RCCEx_GetPeriphCLKFreq
 .text.UART_SetConfig
                0x080015e8      0x340 Drivers/STM32L0xx_HAL_Driver/Src/stm32l0xx_hal_uart.o
                0x080015e8                UART_SetConfig
 .text.UART_AdvFeatureConfig
                0x08001928       0xe0 Drivers/STM32L0xx_HAL_Driver/Src/stm32l0xx_hal_uart.o
                0x08001928                UART_AdvFeatureConfig
 .text.UART_WaitOnFlagUntilTimeout
                0x08001a08       0x6c Drivers/STM32L0xx_HAL_Driver/Src/stm32l0xx_hal_uart.o
                0x08001a08                UART_WaitOnFlagUntilTimeout
 .text.UART_CheckIdleState
                0x08001a74       0x70 Drivers/STM32L0xx_HAL_Driver/Src/stm32l0xx_hal_uart.o
                0x08001a74                UART_CheckIdleState
 .text.HAL_UART_Init
                0x08001ae4       0x6c Drivers/STM32L0xx_HAL_Driver/Src/stm32l0xx_hal_uart.o
                0x08001ae4                HAL_UART_Init
 .text.MX_GPIO_Init
                0x08001b50       0x2c Src/gpio.o
                0x08001b50                MX_GPIO_Init
 .text.MX_LCD_Init
                0x08001b7c       0x64 Src/lcd.o
                0x08001b7c                MX_LCD_Init
 .text.HAL_LCD_MspInit
                0x08001be0       0x60 Src/lcd.o
                0x08001be0                HAL_LCD_MspInit
 .text._Error_Handler
                0x08001c40        0x4 Src/main.o
                0x08001c40                _Error_Handler
 .text.SystemClock_Config
                0x08001c44       0xb0 Src/main.o
                0x08001c44                SystemClock_Config
 .text.main     0x08001cf4       0xa8 Src/main.o
                0x08001cf4                main
 .text.Screen_Update
                0x08001d9c       0xc8 Src/screen.o
                0x08001d9c                Screen_Update
 .text.HAL_MspInit
                0x08001e64       0x40 Src/stm32l0xx_hal_msp.o
                0x08001e64                HAL_MspInit
 .text.NMI_Handler
                0x08001ea4        0x4 Src/stm32l0xx_it.o
                0x08001ea4                NMI_Handler
 .text.HardFault_Handler
                0x08001ea8        0x4 Src/stm32l0xx_it.o
                0x08001ea8                HardFault_Handler
 .text.SVC_Handler
                0x08001eac        0x4 Src/stm32l0xx_it.o
                0x08001eac                SVC_Handler
 .text.PendSV_Handler
                0x08001eb0        0x4 Src/stm32l0xx_it.o
                0x08001eb0                PendSV_Handler
 .text.SysTick_Handler
                0x08001eb4        0xc Src/stm32l0xx_it.o
                0x08001eb4                SysTick_Handler
 .text.SystemInit
                0x08001ec0       0x5c Src/system_stm32l0xx.o
                0x08001ec0                SystemInit
 .text.MX_USART1_UART_Init
                0x08001f1c       0x40 Src/usart.o
                0x08001f1c                MX_USART1_UART_Init
 .text.HAL_UART_MspInit
                0x08001f5c       0x44 Src/usart.o
                0x08001f5c                HAL_UART_MspInit
 .text.Reset_Handler
                0x08001fa0       0x50 startup/startup_stm32l053xx.o
                0x08001fa0                Reset_Handler
 .text.Default_Handler
                0x08001ff0        0x2 startup/startup_stm32l053xx.o
                0x08001ff0                TSC_IRQHandler
                0x08001ff0                ADC1_COMP_IRQHandler
                0x08001ff0                PVD_IRQHandler
                0x08001ff0                I2C1_IRQHandler
                0x08001ff0                RCC_CRS_IRQHandler
                0x08001ff0                SPI1_IRQHandler
                0x08001ff0                TIM6_DAC_IRQHandler
                0x08001ff0                EXTI2_3_IRQHandler
                0x08001ff0                I2C2_IRQHandler
                0x08001ff0                RTC_IRQHandler
                0x08001ff0                LCD_IRQHandler
                0x08001ff0                DMA1_Channel4_5_6_7_IRQHandler
                0x08001ff0                EXTI4_15_IRQHandler
                0x08001ff0                DMA1_Channel1_IRQHandler
                0x08001ff0                Default_Handler
                0x08001ff0                TIM22_IRQHandler
                0x08001ff0                EXTI0_1_IRQHandler
                0x08001ff0                USB_IRQHandler
                0x08001ff0                SPI2_IRQHandler
                0x08001ff0                TIM21_IRQHandler
                0x08001ff0                WWDG_IRQHandler
                0x08001ff0                TIM2_IRQHandler
                0x08001ff0                DMA1_Channel2_3_IRQHandler
                0x08001ff0                USART2_IRQHandler
                0x08001ff0                FLASH_IRQHandler
                0x08001ff0                USART1_IRQHandler
                0x08001ff0                RNG_LPUART1_IRQHandler
                0x08001ff0                LPTIM1_IRQHandler
 *fill*         0x08001ff2        0x2 
 .text.__libc_init_array
                0x08001ff4       0x4c /home/peter/eclipse/plugins/fr.ac6.mcu.externaltools.arm-none.linux64_1.13.1.201705091103/tools/compiler/bin/../lib/gcc/arm-none-eabi/5.4.1/../../../../arm-none-eabi/lib/armv6-m/libc_nano.a(lib_a-init.o)
                0x08001ff4                __libc_init_array
 *(.glue_7)
 .glue_7        0x08002040        0x0 linker stubs
 *(.glue_7t)
 .glue_7t       0x08002040        0x0 linker stubs
 *(.eh_frame)
 .eh_frame      0x08002040        0x0 /home/peter/eclipse/plugins/fr.ac6.mcu.externaltools.arm-none.linux64_1.13.1.201705091103/tools/compiler/bin/../lib/gcc/arm-none-eabi/5.4.1/armv6-m/crtbegin.o
 *(.init)
 .init          0x08002040        0x4 /home/peter/eclipse/plugins/fr.ac6.mcu.externaltools.arm-none.linux64_1.13.1.201705091103/tools/compiler/bin/../lib/gcc/arm-none-eabi/5.4.1/armv6-m/crti.o
                0x08002040                _init
 .init          0x08002044        0x8 /home/peter/eclipse/plugins/fr.ac6.mcu.externaltools.arm-none.linux64_1.13.1.201705091103/tools/compiler/bin/../lib/gcc/arm-none-eabi/5.4.1/armv6-m/crtn.o
 *(.fini)
 .fini          0x0800204c        0x4 /home/peter/eclipse/plugins/fr.ac6.mcu.externaltools.arm-none.linux64_1.13.1.201705091103/tools/compiler/bin/../lib/gcc/arm-none-eabi/5.4.1/armv6-m/crti.o
                0x0800204c                _fini
 .fini          0x08002050        0x8 /home/peter/eclipse/plugins/fr.ac6.mcu.externaltools.arm-none.linux64_1.13.1.201705091103/tools/compiler/bin/../lib/gcc/arm-none-eabi/5.4.1/armv6-m/crtn.o
                0x08002058                . = ALIGN (0x4)
                0x08002058                _etext = .

.vfp11_veneer   0x08002058        0x0
 .vfp11_veneer  0x08002058        0x0 linker stubs

.v4_bx          0x08002058        0x0
 .v4_bx         0x08002058        0x0 linker stubs

.iplt           0x08002058        0x0
 .iplt          0x08002058        0x0 /home/peter/eclipse/plugins/fr.ac6.mcu.externaltools.arm-none.linux64_1.13.1.201705091103/tools/compiler/bin/../lib/gcc/arm-none-eabi/5.4.1/armv6-m/crtbegin.o

.rodata         0x08002058      0x35c
                0x08002058                . = ALIGN (0x4)
 *(.rodata)
 .rodata        0x08002058       0x48 Drivers/STM32L0xx_HAL_Driver/Src/stm32l0xx_hal_uart.o
 .rodata        0x080020a0      0x2c0 Src/screen.o
                0x080020a0                lcd_digits
 .rodata        0x08002360       0x24 Src/system_stm32l0xx.o
                0x08002360                PLLMulTable
                0x0800236c                AHBPrescTable
                0x0800237c                APBPrescTable
 *(.rodata*)
 .rodata.str1.4
                0x08002384        0xd Src/lcd.o
 *fill*         0x08002391        0x3 
 .rodata.str1.4
                0x08002394        0xe Src/main.o
 *fill*         0x080023a2        0x2 
 .rodata.str1.4
                0x080023a4       0x10 Src/usart.o
                                  0xf (size before relaxing)
                0x080023b4                . = ALIGN (0x4)

.ARM.extab
 *(.ARM.extab* .gnu.linkonce.armextab.*)

.ARM            0x080023b4        0x8
                0x080023b4                __exidx_start = .
 *(.ARM.exidx*)
 .ARM.exidx     0x080023b4        0x8 /home/peter/eclipse/plugins/fr.ac6.mcu.externaltools.arm-none.linux64_1.13.1.201705091103/tools/compiler/bin/../lib/gcc/arm-none-eabi/5.4.1/armv6-m/libgcc.a(_udivmoddi4.o)
                0x080023bc                __exidx_end = .

.rel.dyn        0x080023bc        0x0
 .rel.iplt      0x080023bc        0x0 /home/peter/eclipse/plugins/fr.ac6.mcu.externaltools.arm-none.linux64_1.13.1.201705091103/tools/compiler/bin/../lib/gcc/arm-none-eabi/5.4.1/armv6-m/crtbegin.o

.preinit_array  0x080023bc        0x0
                0x080023bc                PROVIDE (__preinit_array_start, .)
 *(.preinit_array*)
                0x080023bc                PROVIDE (__preinit_array_end, .)

.init_array     0x080023bc        0x4
                0x080023bc                PROVIDE (__init_array_start, .)
 *(SORT(.init_array.*))
 *(.init_array*)
 .init_array    0x080023bc        0x4 /home/peter/eclipse/plugins/fr.ac6.mcu.externaltools.arm-none.linux64_1.13.1.201705091103/tools/compiler/bin/../lib/gcc/arm-none-eabi/5.4.1/armv6-m/crtbegin.o
                0x080023c0                PROVIDE (__init_array_end, .)

.fini_array     0x080023c0        0x4
                [!provide]                PROVIDE (__fini_array_start, .)
 *(SORT(.fini_array.*))
 *(.fini_array*)
 .fini_array    0x080023c0        0x4 /home/peter/eclipse/plugins/fr.ac6.mcu.externaltools.arm-none.linux64_1.13.1.201705091103/tools/compiler/bin/../lib/gcc/arm-none-eabi/5.4.1/armv6-m/crtbegin.o
                [!provide]                PROVIDE (__fini_array_end, .)
                0x080023c4                _sidata = LOADADDR (.data)

.data           0x20000000        0x4 load address 0x080023c4
                0x20000000                . = ALIGN (0x4)
                0x20000000                _sdata = .
 *(.data)
 .data          0x20000000        0x4 Src/system_stm32l0xx.o
                0x20000000                SystemCoreClock
 *(.data*)
                0x20000004                . = ALIGN (0x4)
                0x20000004                _edata = .

.jcr            0x20000004        0x0 load address 0x080023c8
 .jcr           0x20000004        0x0 /home/peter/eclipse/plugins/fr.ac6.mcu.externaltools.arm-none.linux64_1.13.1.201705091103/tools/compiler/bin/../lib/gcc/arm-none-eabi/5.4.1/armv6-m/crtbegin.o

.igot.plt       0x20000004        0x0 load address 0x080023c8
 .igot.plt      0x20000004        0x0 /home/peter/eclipse/plugins/fr.ac6.mcu.externaltools.arm-none.linux64_1.13.1.201705091103/tools/compiler/bin/../lib/gcc/arm-none-eabi/5.4.1/armv6-m/crtbegin.o
                0x20000004                . = ALIGN (0x4)

.bss            0x20000004       0xcc load address 0x080023c8
                0x20000004                _sbss = .
                0x20000004                __bss_start__ = _sbss
 *(.bss)
 .bss           0x20000004       0x1c /home/peter/eclipse/plugins/fr.ac6.mcu.externaltools.arm-none.linux64_1.13.1.201705091103/tools/compiler/bin/../lib/gcc/arm-none-eabi/5.4.1/armv6-m/crtbegin.o
 *(.bss*)
 *(COMMON)
 COMMON         0x20000020        0x4 Drivers/STM32L0xx_HAL_Driver/Src/stm32l0xx_hal.o
                0x20000020                uwTick
 COMMON         0x20000024       0x3c Src/lcd.o
                0x20000024                hlcd
 COMMON         0x20000060       0x70 Src/usart.o
                0x20000060                huart1
                0x200000d0                . = ALIGN (0x4)
                0x200000d0                _ebss = .
                0x200000d0                __bss_end__ = _ebss

._user_heap_stack
                0x200000d0      0x600 load address 0x080023c8
                0x200000d0                . = ALIGN (0x8)
                [!provide]                PROVIDE (end, .)
                [!provide]                PROVIDE (_end, .)
                0x200002d0                . = (. + _Min_Heap_Size)
 *fill*         0x200000d0      0x200 
                0x200006d0                . = (. + _Min_Stack_Size)
 *fill*         0x200002d0      0x400 
                0x200006d0                . = ALIGN (0x8)

/DISCARD/
 libc.a(*)
 libm.a(*)
 libgcc.a(*)

.ARM.attributes
                0x00000000       0x28
 *(.ARM.attributes)
 .ARM.attributes
                0x00000000       0x1e /home/peter/eclipse/plugins/fr.ac6.mcu.externaltools.arm-none.linux64_1.13.1.201705091103/tools/compiler/bin/../lib/gcc/arm-none-eabi/5.4.1/armv6-m/crti.o
 .ARM.attributes
                0x0000001e       0x2c /home/peter/eclipse/plugins/fr.ac6.mcu.externaltools.arm-none.linux64_1.13.1.201705091103/tools/compiler/bin/../lib/gcc/arm-none-eabi/5.4.1/armv6-m/crtbegin.o
 .ARM.attributes
                0x0000004a       0x32 Drivers/STM32L0xx_HAL_Driver/Src/stm32l0xx_hal.o
 .ARM.attributes
                0x0000007c       0x32 Drivers/STM32L0xx_HAL_Driver/Src/stm32l0xx_hal_cortex.o
 .ARM.attributes
                0x000000ae       0x32 Drivers/STM32L0xx_HAL_Driver/Src/stm32l0xx_hal_gpio.o
 .ARM.attributes
                0x000000e0       0x32 Drivers/STM32L0xx_HAL_Driver/Src/stm32l0xx_hal_lcd.o
 .ARM.attributes
                0x00000112       0x32 Drivers/STM32L0xx_HAL_Driver/Src/stm32l0xx_hal_rcc.o
 .ARM.attributes
                0x00000144       0x32 Drivers/STM32L0xx_HAL_Driver/Src/stm32l0xx_hal_rcc_ex.o
 .ARM.attributes
                0x00000176       0x32 Drivers/STM32L0xx_HAL_Driver/Src/stm32l0xx_hal_uart.o
 .ARM.attributes
                0x000001a8       0x32 Src/gpio.o
 .ARM.attributes
                0x000001da       0x32 Src/lcd.o
 .ARM.attributes
                0x0000020c       0x32 Src/main.o
 .ARM.attributes
                0x0000023e       0x32 Src/screen.o
 .ARM.attributes
                0x00000270       0x32 Src/stm32l0xx_hal_msp.o
 .ARM.attributes
                0x000002a2       0x32 Src/stm32l0xx_it.o
 .ARM.attributes
                0x000002d4       0x32 Src/system_stm32l0xx.o
 .ARM.attributes
                0x00000306       0x32 Src/usart.o
 .ARM.attributes
                0x00000338       0x22 startup/startup_stm32l053xx.o
 .ARM.attributes
                0x0000035a       0x1e /home/peter/eclipse/plugins/fr.ac6.mcu.externaltools.arm-none.linux64_1.13.1.201705091103/tools/compiler/bin/../lib/gcc/arm-none-eabi/5.4.1/armv6-m/libgcc.a(_udivsi3.o)
 .ARM.attributes
                0x00000378       0x1e /home/peter/eclipse/plugins/fr.ac6.mcu.externaltools.arm-none.linux64_1.13.1.201705091103/tools/compiler/bin/../lib/gcc/arm-none-eabi/5.4.1/armv6-m/libgcc.a(_dvmd_tls.o)
 .ARM.attributes
                0x00000396       0x1e /home/peter/eclipse/plugins/fr.ac6.mcu.externaltools.arm-none.linux64_1.13.1.201705091103/tools/compiler/bin/../lib/gcc/arm-none-eabi/5.4.1/armv6-m/libgcc.a(_aeabi_uldivmod.o)
 .ARM.attributes
                0x000003b4       0x2c /home/peter/eclipse/plugins/fr.ac6.mcu.externaltools.arm-none.linux64_1.13.1.201705091103/tools/compiler/bin/../lib/gcc/arm-none-eabi/5.4.1/armv6-m/libgcc.a(_udivmoddi4.o)
 .ARM.attributes
                0x000003e0       0x1e /home/peter/eclipse/plugins/fr.ac6.mcu.externaltools.arm-none.linux64_1.13.1.201705091103/tools/compiler/bin/../lib/gcc/arm-none-eabi/5.4.1/armv6-m/libgcc.a(_clzdi2.o)
 .ARM.attributes
                0x000003fe       0x1e /home/peter/eclipse/plugins/fr.ac6.mcu.externaltools.arm-none.linux64_1.13.1.201705091103/tools/compiler/bin/../lib/gcc/arm-none-eabi/5.4.1/armv6-m/libgcc.a(_clzsi2.o)
 .ARM.attributes
                0x0000041c       0x2c /home/peter/eclipse/plugins/fr.ac6.mcu.externaltools.arm-none.linux64_1.13.1.201705091103/tools/compiler/bin/../lib/gcc/arm-none-eabi/5.4.1/../../../../arm-none-eabi/lib/armv6-m/libc_nano.a(lib_a-init.o)
 .ARM.attributes
                0x00000448       0x1e /home/peter/eclipse/plugins/fr.ac6.mcu.externaltools.arm-none.linux64_1.13.1.201705091103/tools/compiler/bin/../lib/gcc/arm-none-eabi/5.4.1/armv6-m/crtn.o
OUTPUT(scales.elf elf32-littlearm)

.debug_info     0x00000000     0x6f3a
 .debug_info    0x00000000      0x749 Drivers/STM32L0xx_HAL_Driver/Src/stm32l0xx_hal.o
 .debug_info    0x00000749      0x8a0 Drivers/STM32L0xx_HAL_Driver/Src/stm32l0xx_hal_cortex.o
 .debug_info    0x00000fe9      0x647 Drivers/STM32L0xx_HAL_Driver/Src/stm32l0xx_hal_gpio.o
 .debug_info    0x00001630      0x5e5 Drivers/STM32L0xx_HAL_Driver/Src/stm32l0xx_hal_lcd.o
 .debug_info    0x00001c15      0xb73 Drivers/STM32L0xx_HAL_Driver/Src/stm32l0xx_hal_rcc.o
 .debug_info    0x00002788      0x8ca Drivers/STM32L0xx_HAL_Driver/Src/stm32l0xx_hal_rcc_ex.o
 .debug_info    0x00003052     0x198f Drivers/STM32L0xx_HAL_Driver/Src/stm32l0xx_hal_uart.o
 .debug_info    0x000049e1      0x20c Src/gpio.o
 .debug_info    0x00004bed      0x655 Src/lcd.o
 .debug_info    0x00005242      0x85d Src/main.o
 .debug_info    0x00005a9f      0x3bd Src/screen.o
 .debug_info    0x00005e5c      0x30b Src/stm32l0xx_hal_msp.o
 .debug_info    0x00006167      0x109 Src/stm32l0xx_it.o
 .debug_info    0x00006270      0x37b Src/system_stm32l0xx.o
 .debug_info    0x000065eb      0x8d9 Src/usart.o
 .debug_info    0x00006ec4       0x76 startup/startup_stm32l053xx.o

.debug_abbrev   0x00000000     0x177e
 .debug_abbrev  0x00000000      0x209 Drivers/STM32L0xx_HAL_Driver/Src/stm32l0xx_hal.o
 .debug_abbrev  0x00000209      0x264 Drivers/STM32L0xx_HAL_Driver/Src/stm32l0xx_hal_cortex.o
 .debug_abbrev  0x0000046d      0x1cb Drivers/STM32L0xx_HAL_Driver/Src/stm32l0xx_hal_gpio.o
 .debug_abbrev  0x00000638      0x1ae Drivers/STM32L0xx_HAL_Driver/Src/stm32l0xx_hal_lcd.o
 .debug_abbrev  0x000007e6      0x242 Drivers/STM32L0xx_HAL_Driver/Src/stm32l0xx_hal_rcc.o
 .debug_abbrev  0x00000a28      0x1ec Drivers/STM32L0xx_HAL_Driver/Src/stm32l0xx_hal_rcc_ex.o
 .debug_abbrev  0x00000c14      0x24a Drivers/STM32L0xx_HAL_Driver/Src/stm32l0xx_hal_uart.o
 .debug_abbrev  0x00000e5e       0xb4 Src/gpio.o
 .debug_abbrev  0x00000f12      0x166 Src/lcd.o
 .debug_abbrev  0x00001078      0x1b6 Src/main.o
 .debug_abbrev  0x0000122e      0x140 Src/screen.o
 .debug_abbrev  0x0000136e       0xe9 Src/stm32l0xx_hal_msp.o
 .debug_abbrev  0x00001457       0x96 Src/stm32l0xx_it.o
 .debug_abbrev  0x000014ed       0xf3 Src/system_stm32l0xx.o
 .debug_abbrev  0x000015e0      0x18c Src/usart.o
 .debug_abbrev  0x0000176c       0x12 startup/startup_stm32l053xx.o

.debug_loc      0x00000000     0x3690
 .debug_loc     0x00000000       0xac Drivers/STM32L0xx_HAL_Driver/Src/stm32l0xx_hal.o
 .debug_loc     0x000000ac      0x39b Drivers/STM32L0xx_HAL_Driver/Src/stm32l0xx_hal_cortex.o
 .debug_loc     0x00000447      0x284 Drivers/STM32L0xx_HAL_Driver/Src/stm32l0xx_hal_gpio.o
 .debug_loc     0x000006cb      0x42d Drivers/STM32L0xx_HAL_Driver/Src/stm32l0xx_hal_lcd.o
 .debug_loc     0x00000af8      0x6a7 Drivers/STM32L0xx_HAL_Driver/Src/stm32l0xx_hal_rcc.o
 .debug_loc     0x0000119f      0x9a2 Drivers/STM32L0xx_HAL_Driver/Src/stm32l0xx_hal_rcc_ex.o
 .debug_loc     0x00001b41     0x176e Drivers/STM32L0xx_HAL_Driver/Src/stm32l0xx_hal_uart.o
 .debug_loc     0x000032af       0x42 Src/lcd.o
 .debug_loc     0x000032f1      0x11b Src/main.o
 .debug_loc     0x0000340c       0xdd Src/screen.o
 .debug_loc     0x000034e9      0x165 Src/system_stm32l0xx.o
 .debug_loc     0x0000364e       0x42 Src/usart.o

.debug_aranges  0x00000000      0x6d8
 .debug_aranges
                0x00000000       0xe0 Drivers/STM32L0xx_HAL_Driver/Src/stm32l0xx_hal.o
 .debug_aranges
                0x000000e0       0x80 Drivers/STM32L0xx_HAL_Driver/Src/stm32l0xx_hal_cortex.o
 .debug_aranges
                0x00000160       0x58 Drivers/STM32L0xx_HAL_Driver/Src/stm32l0xx_hal_gpio.o
 .debug_aranges
                0x000001b8       0x68 Drivers/STM32L0xx_HAL_Driver/Src/stm32l0xx_hal_lcd.o
 .debug_aranges
                0x00000220       0x88 Drivers/STM32L0xx_HAL_Driver/Src/stm32l0xx_hal_rcc.o
 .debug_aranges
                0x000002a8       0xb0 Drivers/STM32L0xx_HAL_Driver/Src/stm32l0xx_hal_rcc_ex.o
 .debug_aranges
                0x00000358      0x1e8 Drivers/STM32L0xx_HAL_Driver/Src/stm32l0xx_hal_uart.o
 .debug_aranges
                0x00000540       0x20 Src/gpio.o
 .debug_aranges
                0x00000560       0x30 Src/lcd.o
 .debug_aranges
                0x00000590       0x30 Src/main.o
 .debug_aranges
                0x000005c0       0x38 Src/screen.o
 .debug_aranges
                0x000005f8       0x20 Src/stm32l0xx_hal_msp.o
 .debug_aranges
                0x00000618       0x40 Src/stm32l0xx_it.o
 .debug_aranges
                0x00000658       0x28 Src/system_stm32l0xx.o
 .debug_aranges
                0x00000680       0x30 Src/usart.o
 .debug_aranges
                0x000006b0       0x28 startup/startup_stm32l053xx.o

.debug_ranges   0x00000000      0x610
 .debug_ranges  0x00000000       0xd0 Drivers/STM32L0xx_HAL_Driver/Src/stm32l0xx_hal.o
 .debug_ranges  0x000000d0       0x70 Drivers/STM32L0xx_HAL_Driver/Src/stm32l0xx_hal_cortex.o
 .debug_ranges  0x00000140       0x48 Drivers/STM32L0xx_HAL_Driver/Src/stm32l0xx_hal_gpio.o
 .debug_ranges  0x00000188       0x58 Drivers/STM32L0xx_HAL_Driver/Src/stm32l0xx_hal_lcd.o
 .debug_ranges  0x000001e0       0x90 Drivers/STM32L0xx_HAL_Driver/Src/stm32l0xx_hal_rcc.o
 .debug_ranges  0x00000270       0xb8 Drivers/STM32L0xx_HAL_Driver/Src/stm32l0xx_hal_rcc_ex.o
 .debug_ranges  0x00000328      0x1d8 Drivers/STM32L0xx_HAL_Driver/Src/stm32l0xx_hal_uart.o
 .debug_ranges  0x00000500       0x10 Src/gpio.o
 .debug_ranges  0x00000510       0x20 Src/lcd.o
 .debug_ranges  0x00000530       0x20 Src/main.o
 .debug_ranges  0x00000550       0x28 Src/screen.o
 .debug_ranges  0x00000578       0x10 Src/stm32l0xx_hal_msp.o
 .debug_ranges  0x00000588       0x30 Src/stm32l0xx_it.o
 .debug_ranges  0x000005b8       0x18 Src/system_stm32l0xx.o
 .debug_ranges  0x000005d0       0x20 Src/usart.o
 .debug_ranges  0x000005f0       0x20 startup/startup_stm32l053xx.o

.debug_macro    0x00000000    0x14b10
 .debug_macro   0x00000000      0x31d Drivers/STM32L0xx_HAL_Driver/Src/stm32l0xx_hal.o
 .debug_macro   0x0000031d      0x832 Drivers/STM32L0xx_HAL_Driver/Src/stm32l0xx_hal.o
 .debug_macro   0x00000b4f       0x10 Drivers/STM32L0xx_HAL_Driver/Src/stm32l0xx_hal.o
 .debug_macro   0x00000b5f       0x9d Drivers/STM32L0xx_HAL_Driver/Src/stm32l0xx_hal.o
 .debug_macro   0x00000bfc       0x2e Drivers/STM32L0xx_HAL_Driver/Src/stm32l0xx_hal.o
 .debug_macro   0x00000c2a       0x28 Drivers/STM32L0xx_HAL_Driver/Src/stm32l0xx_hal.o
 .debug_macro   0x00000c52       0x22 Drivers/STM32L0xx_HAL_Driver/Src/stm32l0xx_hal.o
 .debug_macro   0x00000c74       0x87 Drivers/STM32L0xx_HAL_Driver/Src/stm32l0xx_hal.o
 .debug_macro   0x00000cfb       0x44 Drivers/STM32L0xx_HAL_Driver/Src/stm32l0xx_hal.o
 .debug_macro   0x00000d3f       0xfd Drivers/STM32L0xx_HAL_Driver/Src/stm32l0xx_hal.o
 .debug_macro   0x00000e3c       0x5e Drivers/STM32L0xx_HAL_Driver/Src/stm32l0xx_hal.o
 .debug_macro   0x00000e9a      0x1df Drivers/STM32L0xx_HAL_Driver/Src/stm32l0xx_hal.o
 .debug_macro   0x00001079       0x34 Drivers/STM32L0xx_HAL_Driver/Src/stm32l0xx_hal.o
 .debug_macro   0x000010ad       0x26 Drivers/STM32L0xx_HAL_Driver/Src/stm32l0xx_hal.o
 .debug_macro   0x000010d3      0x44f Drivers/STM32L0xx_HAL_Driver/Src/stm32l0xx_hal.o
 .debug_macro   0x00001522     0x9cc0 Drivers/STM32L0xx_HAL_Driver/Src/stm32l0xx_hal.o
 .debug_macro   0x0000b1e2       0x3c Drivers/STM32L0xx_HAL_Driver/Src/stm32l0xx_hal.o
 .debug_macro   0x0000b21e     0x3455 Drivers/STM32L0xx_HAL_Driver/Src/stm32l0xx_hal.o
 .debug_macro   0x0000e673       0x52 Drivers/STM32L0xx_HAL_Driver/Src/stm32l0xx_hal.o
 .debug_macro   0x0000e6c5       0x35 Drivers/STM32L0xx_HAL_Driver/Src/stm32l0xx_hal.o
 .debug_macro   0x0000e6fa       0x9c Drivers/STM32L0xx_HAL_Driver/Src/stm32l0xx_hal.o
 .debug_macro   0x0000e796       0x16 Drivers/STM32L0xx_HAL_Driver/Src/stm32l0xx_hal.o
 .debug_macro   0x0000e7ac       0x97 Drivers/STM32L0xx_HAL_Driver/Src/stm32l0xx_hal.o
 .debug_macro   0x0000e843      0x30d Drivers/STM32L0xx_HAL_Driver/Src/stm32l0xx_hal.o
 .debug_macro   0x0000eb50       0xfd Drivers/STM32L0xx_HAL_Driver/Src/stm32l0xx_hal.o
 .debug_macro   0x0000ec4d       0x10 Drivers/STM32L0xx_HAL_Driver/Src/stm32l0xx_hal.o
 .debug_macro   0x0000ec5d       0x52 Drivers/STM32L0xx_HAL_Driver/Src/stm32l0xx_hal.o
 .debug_macro   0x0000ecaf       0x1f Drivers/STM32L0xx_HAL_Driver/Src/stm32l0xx_hal.o
 .debug_macro   0x0000ecce       0x43 Drivers/STM32L0xx_HAL_Driver/Src/stm32l0xx_hal.o
 .debug_macro   0x0000ed11       0x20 Drivers/STM32L0xx_HAL_Driver/Src/stm32l0xx_hal.o
 .debug_macro   0x0000ed31      0x187 Drivers/STM32L0xx_HAL_Driver/Src/stm32l0xx_hal.o
 .debug_macro   0x0000eeb8       0x10 Drivers/STM32L0xx_HAL_Driver/Src/stm32l0xx_hal.o
 .debug_macro   0x0000eec8       0x1c Drivers/STM32L0xx_HAL_Driver/Src/stm32l0xx_hal.o
 .debug_macro   0x0000eee4       0x52 Drivers/STM32L0xx_HAL_Driver/Src/stm32l0xx_hal.o
 .debug_macro   0x0000ef36       0x40 Drivers/STM32L0xx_HAL_Driver/Src/stm32l0xx_hal.o
 .debug_macro   0x0000ef76       0x10 Drivers/STM32L0xx_HAL_Driver/Src/stm32l0xx_hal.o
 .debug_macro   0x0000ef86       0x40 Drivers/STM32L0xx_HAL_Driver/Src/stm32l0xx_hal.o
 .debug_macro   0x0000efc6       0xd7 Drivers/STM32L0xx_HAL_Driver/Src/stm32l0xx_hal.o
 .debug_macro   0x0000f09d       0x16 Drivers/STM32L0xx_HAL_Driver/Src/stm32l0xx_hal.o
 .debug_macro   0x0000f0b3      0x18b Drivers/STM32L0xx_HAL_Driver/Src/stm32l0xx_hal.o
 .debug_macro   0x0000f23e       0x50 Drivers/STM32L0xx_HAL_Driver/Src/stm32l0xx_hal.o
 .debug_macro   0x0000f28e      0x8e0 Drivers/STM32L0xx_HAL_Driver/Src/stm32l0xx_hal.o
 .debug_macro   0x0000fb6e      0x9d4 Drivers/STM32L0xx_HAL_Driver/Src/stm32l0xx_hal.o
 .debug_macro   0x00010542      0x14b Drivers/STM32L0xx_HAL_Driver/Src/stm32l0xx_hal.o
 .debug_macro   0x0001068d      0x184 Drivers/STM32L0xx_HAL_Driver/Src/stm32l0xx_hal.o
 .debug_macro   0x00010811      0x279 Drivers/STM32L0xx_HAL_Driver/Src/stm32l0xx_hal.o
 .debug_macro   0x00010a8a      0x1ed Drivers/STM32L0xx_HAL_Driver/Src/stm32l0xx_hal.o
 .debug_macro   0x00010c77      0x128 Drivers/STM32L0xx_HAL_Driver/Src/stm32l0xx_hal.o
 .debug_macro   0x00010d9f      0x2b6 Drivers/STM32L0xx_HAL_Driver/Src/stm32l0xx_hal.o
 .debug_macro   0x00011055      0x202 Drivers/STM32L0xx_HAL_Driver/Src/stm32l0xx_hal.o
 .debug_macro   0x00011257       0x5b Drivers/STM32L0xx_HAL_Driver/Src/stm32l0xx_hal.o
 .debug_macro   0x000112b2       0x90 Drivers/STM32L0xx_HAL_Driver/Src/stm32l0xx_hal.o
 .debug_macro   0x00011342      0x3fa Drivers/STM32L0xx_HAL_Driver/Src/stm32l0xx_hal.o
 .debug_macro   0x0001173c      0x187 Drivers/STM32L0xx_HAL_Driver/Src/stm32l0xx_hal.o
 .debug_macro   0x000118c3       0x16 Drivers/STM32L0xx_HAL_Driver/Src/stm32l0xx_hal.o
 .debug_macro   0x000118d9      0x54a Drivers/STM32L0xx_HAL_Driver/Src/stm32l0xx_hal.o
 .debug_macro   0x00011e23       0x44 Drivers/STM32L0xx_HAL_Driver/Src/stm32l0xx_hal.o
 .debug_macro   0x00011e67      0x165 Drivers/STM32L0xx_HAL_Driver/Src/stm32l0xx_hal.o
 .debug_macro   0x00011fcc      0x2f9 Drivers/STM32L0xx_HAL_Driver/Src/stm32l0xx_hal_cortex.o
 .debug_macro   0x000122c5      0x331 Drivers/STM32L0xx_HAL_Driver/Src/stm32l0xx_hal_gpio.o
 .debug_macro   0x000125f6      0x2ff Drivers/STM32L0xx_HAL_Driver/Src/stm32l0xx_hal_lcd.o
 .debug_macro   0x000128f5      0x347 Drivers/STM32L0xx_HAL_Driver/Src/stm32l0xx_hal_rcc.o
 .debug_macro   0x00012c3c      0x30b Drivers/STM32L0xx_HAL_Driver/Src/stm32l0xx_hal_rcc_ex.o
 .debug_macro   0x00012f47      0x30b Drivers/STM32L0xx_HAL_Driver/Src/stm32l0xx_hal_uart.o
 .debug_macro   0x00013252      0x303 Src/gpio.o
 .debug_macro   0x00013555      0x30d Src/lcd.o
 .debug_macro   0x00013862      0x324 Src/main.o
 .debug_macro   0x00013b86       0x40 Src/main.o
 .debug_macro   0x00013bc6      0x308 Src/screen.o
 .debug_macro   0x00013ece       0x3a Src/screen.o
 .debug_macro   0x00013f08      0x2f9 Src/stm32l0xx_hal_msp.o
 .debug_macro   0x00014201      0x303 Src/stm32l0xx_it.o
 .debug_macro   0x00014504      0x2ff Src/system_stm32l0xx.o
 .debug_macro   0x00014803      0x30d Src/usart.o

.debug_line     0x00000000     0x8c76
 .debug_line    0x00000000      0x984 Drivers/STM32L0xx_HAL_Driver/Src/stm32l0xx_hal.o
 .debug_line    0x00000984      0x939 Drivers/STM32L0xx_HAL_Driver/Src/stm32l0xx_hal_cortex.o
 .debug_line    0x000012bd      0x8fe Drivers/STM32L0xx_HAL_Driver/Src/stm32l0xx_hal_gpio.o
 .debug_line    0x00001bbb      0x93f Drivers/STM32L0xx_HAL_Driver/Src/stm32l0xx_hal_lcd.o
 .debug_line    0x000024fa      0xab7 Drivers/STM32L0xx_HAL_Driver/Src/stm32l0xx_hal_rcc.o
 .debug_line    0x00002fb1      0xab6 Drivers/STM32L0xx_HAL_Driver/Src/stm32l0xx_hal_rcc_ex.o
 .debug_line    0x00003a67     0x125a Drivers/STM32L0xx_HAL_Driver/Src/stm32l0xx_hal_uart.o
 .debug_line    0x00004cc1      0x7a8 Src/gpio.o
 .debug_line    0x00005469      0x7f6 Src/lcd.o
 .debug_line    0x00005c5f      0x832 Src/main.o
 .debug_line    0x00006491      0x7f7 Src/screen.o
 .debug_line    0x00006c88      0x7ae Src/stm32l0xx_hal_msp.o
 .debug_line    0x00007436      0x7fb Src/stm32l0xx_it.o
 .debug_line    0x00007c31      0x7d7 Src/system_stm32l0xx.o
 .debug_line    0x00008408      0x7eb Src/usart.o
 .debug_line    0x00008bf3       0x83 startup/startup_stm32l053xx.o

.debug_str      0x00000000    0x7707c
 .debug_str     0x00000000    0x74ffe Drivers/STM32L0xx_HAL_Driver/Src/stm32l0xx_hal.o
                              0x75406 (size before relaxing)
 .debug_str     0x00074ffe      0x2ab Drivers/STM32L0xx_HAL_Driver/Src/stm32l0xx_hal_cortex.o
                              0x75218 (size before relaxing)
 .debug_str     0x000752a9      0x2c1 Drivers/STM32L0xx_HAL_Driver/Src/stm32l0xx_hal_gpio.o
                              0x750ab (size before relaxing)
 .debug_str     0x0007556a      0x27f Drivers/STM32L0xx_HAL_Driver/Src/stm32l0xx_hal_lcd.o
                              0x74fc8 (size before relaxing)
 .debug_str     0x000757e9      0x543 Drivers/STM32L0xx_HAL_Driver/Src/stm32l0xx_hal_rcc.o
                              0x75423 (size before relaxing)
 .debug_str     0x00075d2c      0x4c4 Drivers/STM32L0xx_HAL_Driver/Src/stm32l0xx_hal_rcc_ex.o
                              0x7536c (size before relaxing)
 .debug_str     0x000761f0      0xbb6 Drivers/STM32L0xx_HAL_Driver/Src/stm32l0xx_hal_uart.o
                              0x75ae0 (size before relaxing)
 .debug_str     0x00076da6       0x25 Src/gpio.o
                              0x74d81 (size before relaxing)
 .debug_str     0x00076dcb       0x4b Src/lcd.o
                              0x7502e (size before relaxing)
 .debug_str     0x00076e16      0x10a Src/main.o
                              0x7542f (size before relaxing)
 .debug_str     0x00076f20       0x4b Src/screen.o
                              0x74f72 (size before relaxing)
 .debug_str     0x00076f6b       0x1b Src/stm32l0xx_hal_msp.o
                              0x74f28 (size before relaxing)
 .debug_str     0x00076f86       0x71 Src/stm32l0xx_it.o
                              0x74d3d (size before relaxing)
 .debug_str     0x00076ff7       0x64 Src/system_stm32l0xx.o
                              0x74e40 (size before relaxing)
 .debug_str     0x0007705b       0x21 Src/usart.o
                              0x752fe (size before relaxing)

.comment        0x00000000       0x6e
 .comment       0x00000000       0x6e Drivers/STM32L0xx_HAL_Driver/Src/stm32l0xx_hal.o
                                 0x6f (size before relaxing)
 .comment       0x0000006e       0x6f Drivers/STM32L0xx_HAL_Driver/Src/stm32l0xx_hal_cortex.o
 .comment       0x0000006e       0x6f Drivers/STM32L0xx_HAL_Driver/Src/stm32l0xx_hal_gpio.o
 .comment       0x0000006e       0x6f Drivers/STM32L0xx_HAL_Driver/Src/stm32l0xx_hal_lcd.o
 .comment       0x0000006e       0x6f Drivers/STM32L0xx_HAL_Driver/Src/stm32l0xx_hal_rcc.o
 .comment       0x0000006e       0x6f Drivers/STM32L0xx_HAL_Driver/Src/stm32l0xx_hal_rcc_ex.o
 .comment       0x0000006e       0x6f Drivers/STM32L0xx_HAL_Driver/Src/stm32l0xx_hal_uart.o
 .comment       0x0000006e       0x6f Src/gpio.o
 .comment       0x0000006e       0x6f Src/lcd.o
 .comment       0x0000006e       0x6f Src/main.o
 .comment       0x0000006e       0x6f Src/screen.o
 .comment       0x0000006e       0x6f Src/stm32l0xx_hal_msp.o
 .comment       0x0000006e       0x6f Src/stm32l0xx_it.o
 .comment       0x0000006e       0x6f Src/system_stm32l0xx.o
 .comment       0x0000006e       0x6f Src/usart.o

.debug_frame    0x00000000      0xf74
 .debug_frame   0x00000000      0x1c4 Drivers/STM32L0xx_HAL_Driver/Src/stm32l0xx_hal.o
 .debug_frame   0x000001c4       0xfc Drivers/STM32L0xx_HAL_Driver/Src/stm32l0xx_hal_cortex.o
 .debug_frame   0x000002c0       0xc8 Drivers/STM32L0xx_HAL_Driver/Src/stm32l0xx_hal_gpio.o
 .debug_frame   0x00000388      0x100 Drivers/STM32L0xx_HAL_Driver/Src/stm32l0xx_hal_lcd.o
 .debug_frame   0x00000488      0x150 Drivers/STM32L0xx_HAL_Driver/Src/stm32l0xx_hal_rcc.o
 .debug_frame   0x000005d8      0x170 Drivers/STM32L0xx_HAL_Driver/Src/stm32l0xx_hal_rcc_ex.o
 .debug_frame   0x00000748      0x540 Drivers/STM32L0xx_HAL_Driver/Src/stm32l0xx_hal_uart.o
 .debug_frame   0x00000c88       0x24 Src/gpio.o
 .debug_frame   0x00000cac       0x60 Src/lcd.o
 .debug_frame   0x00000d0c       0x58 Src/main.o
 .debug_frame   0x00000d64       0x68 Src/screen.o
 .debug_frame   0x00000dcc       0x28 Src/stm32l0xx_hal_msp.o
 .debug_frame   0x00000df4       0x68 Src/stm32l0xx_it.o
 .debug_frame   0x00000e5c       0x38 Src/system_stm32l0xx.o
 .debug_frame   0x00000e94       0x58 Src/usart.o
 .debug_frame   0x00000eec       0x20 /home/peter/eclipse/plugins/fr.ac6.mcu.externaltools.arm-none.linux64_1.13.1.201705091103/tools/compiler/bin/../lib/gcc/arm-none-eabi/5.4.1/armv6-m/libgcc.a(_udivsi3.o)
 .debug_frame   0x00000f0c       0x3c /home/peter/eclipse/plugins/fr.ac6.mcu.externaltools.arm-none.linux64_1.13.1.201705091103/tools/compiler/bin/../lib/gcc/arm-none-eabi/5.4.1/armv6-m/libgcc.a(_udivmoddi4.o)
 .debug_frame   0x00000f48       0x2c /home/peter/eclipse/plugins/fr.ac6.mcu.externaltools.arm-none.linux64_1.13.1.201705091103/tools/compiler/bin/../lib/gcc/arm-none-eabi/5.4.1/../../../../arm-none-eabi/lib/armv6-m/libc_nano.a(lib_a-init.o)
